{
  "generatedAt": "2026-08-21T18:13:07Z",
  "edition": "full",
  "webRoot": "C:\\Users\\zvd1\\Desktop\\JUSTFUN-AUDIT-WORK-20260821\\verification-workspace\\source\\application\\web",
  "summary": {
    "candidates": 75,
    "passed": 57,
    "skipped": 2,
    "failed": 16,
    "timeouts": 16
  },
  "failures": [
    {
      "index": 18,
      "id": null,
      "label": "+ Новый рейс",
      "hook": "createManualRoute()",
      "dynamic": false,
      "disabled": false,
      "hidden": false,
      "status": "timeout",
      "seconds": 181.257,
      "error": "Не завершилась за 180 секунд"
    },
    {
      "index": 19,
      "id": null,
      "label": "Проверить систему",
      "hook": "runRouteSystemAuditV570(true)",
      "dynamic": true,
      "disabled": false,
      "hidden": false,
      "status": "timeout",
      "seconds": 180.603,
      "error": "Не завершилась за 180 секунд"
    },
    {
      "index": 41,
      "id": null,
      "label": "Сохранить поведение",
      "hook": "saveSmartProgramSettings()",
      "dynamic": true,
      "disabled": false,
      "hidden": false,
      "status": "timeout",
      "seconds": 181.049,
      "error": "Не завершилась за 180 секунд"
    },
    {
      "index": 42,
      "id": "demoTourStart",
      "label": "Начать полную экскурсию",
      "hook": "demoTourStart",
      "dynamic": false,
      "disabled": false,
      "hidden": false,
      "status": "timeout",
      "seconds": 183.108,
      "error": "Не завершилась за 180 секунд"
    },
    {
      "index": 44,
      "id": "demoRunAudit",
      "label": "Проверить учебную базу",
      "hook": "demoRunAudit",
      "dynamic": false,
      "disabled": false,
      "hidden": false,
      "status": "timeout",
      "seconds": 182.194,
      "error": "Не завершилась за 180 секунд"
    },
    {
      "index": 45,
      "id": null,
      "label": "Скачать копию",
      "hook": "exportBackup()",
      "dynamic": false,
      "disabled": false,
      "hidden": false,
      "status": "timeout",
      "seconds": 181.864,
      "error": "Не завершилась за 180 секунд"
    },
    {
      "index": 46,
      "id": null,
      "label": "Загрузить копию",
      "hook": "chooseBackupFile()",
      "dynamic": false,
      "disabled": false,
      "hidden": false,
      "status": "timeout",
      "seconds": 180.934,
      "error": "Не завершилась за 180 секунд"
    },
    {
      "index": 47,
      "id": null,
      "label": "Проверить систему",
      "hook": "runDataDiagnostics(true)",
      "dynamic": false,
      "disabled": false,
      "hidden": false,
      "status": "timeout",
      "seconds": 180.467,
      "error": "Не завершилась за 180 секунд"
    },
    {
      "index": 48,
      "id": "jfOpenLogs",
      "label": "Открыть папку logs",
      "hook": "jfOpenLogs",
      "dynamic": false,
      "disabled": false,
      "hidden": false,
      "status": "timeout",
      "seconds": 181.24,
      "error": "Не завершилась за 180 секунд"
    },
    {
      "index": 49,
      "id": "v595QaFirstRun",
      "label": "Запустить полный тест",
      "hook": "v595QaFirstRun",
      "dynamic": true,
      "disabled": false,
      "hidden": false,
      "status": "timeout",
      "seconds": 180.921,
      "error": "Не завершилась за 180 секунд"
    },
    {
      "index": 50,
      "id": "jfRegConfigure",
      "label": "Установить или обновить VPS",
      "hook": "jfRegConfigure",
      "dynamic": false,
      "disabled": false,
      "hidden": false,
      "status": "timeout",
      "seconds": 180.803,
      "error": "Не завершилась за 180 секунд"
    },
    {
      "index": 51,
      "id": "jfRegCheck",
      "label": "Проверить связь",
      "hook": "jfRegCheck",
      "dynamic": false,
      "disabled": false,
      "hidden": false,
      "status": "timeout",
      "seconds": 180.479,
      "error": "Не завершилась за 180 секунд"
    },
    {
      "index": 52,
      "id": "jfRegSync",
      "label": "Сохранить активный склад",
      "hook": "jfRegSync",
      "dynamic": false,
      "disabled": false,
      "hidden": false,
      "status": "timeout",
      "seconds": 180.479,
      "error": "Не завершилась за 180 секунд"
    },
    {
      "index": 53,
      "id": "jfTelegramConfigure",
      "label": "Настроить Telegram",
      "hook": "jfTelegramConfigure",
      "dynamic": false,
      "disabled": false,
      "hidden": false,
      "status": "timeout",
      "seconds": 180.419,
      "error": "Не завершилась за 180 секунд"
    },
    {
      "index": 54,
      "id": "jfTelegramReconnect",
      "label": "Проверить и восстановить",
      "hook": "jfTelegramReconnect",
      "dynamic": false,
      "disabled": false,
      "hidden": false,
      "status": "timeout",
      "seconds": 180.61,
      "error": "Не завершилась за 180 секунд"
    },
    {
      "index": 55,
      "id": "jfTelegramCheck",
      "label": "Проверить webhook",
      "hook": "jfTelegramCheck",
      "dynamic": false,
      "disabled": false,
      "hidden": false,
      "status": "timeout",
      "seconds": 180.684,
      "error": "Не завершилась за 180 секунд"
    }
  ],
  "results": [
    {
      "index": 0,
      "id": "jfProfileBtn",
      "label": "Профиль",
      "hook": "jfProfileBtn",
      "dynamic": true,
      "disabled": false,
      "hidden": false,
      "status": "passed",
      "seconds": 141.267,
      "returnCode": 0,
      "pressed": {
        "id": "jfProfileBtn",
        "label": "Профиль",
        "disabled": false,
        "hidden": false,
        "display": null,
        "clicked": true,
        "newRuntimeErrors": []
      },
      "errors": [],
      "buttonFailures": [],
      "stderr": ""
    },
    {
      "index": 1,
      "id": "jfLogoutBtn",
      "label": "Выйти",
      "hook": "jfLogoutBtn",
      "dynamic": true,
      "disabled": false,
      "hidden": false,
      "status": "passed",
      "seconds": 127.822,
      "returnCode": 0,
      "pressed": {
        "id": "jfLogoutBtn",
        "label": "Выйти",
        "disabled": false,
        "hidden": false,
        "display": null,
        "clicked": true,
        "newRuntimeErrors": []
      },
      "errors": [],
      "buttonFailures": [],
      "stderr": ""
    },
    {
      "index": 2,
      "id": "activeWarehouseChip",
      "label": "Активный складСклад Санкт-ПетербургСПБ",
      "hook": "activeWarehouseChip",
      "dynamic": true,
      "disabled": false,
      "hidden": false,
      "status": "passed",
      "seconds": 143.205,
      "returnCode": 0,
      "pressed": {
        "id": "activeWarehouseChip",
        "label": "Активный складСклад Санкт-ПетербургСПБ",
        "disabled": false,
        "hidden": false,
        "display": null,
        "clicked": true,
        "newRuntimeErrors": []
      },
      "errors": [],
      "buttonFailures": [],
      "stderr": ""
    },
    {
      "index": 3,
      "id": null,
      "label": "Оформить самовывоз",
      "hook": "openPickupModal()",
      "dynamic": false,
      "disabled": false,
      "hidden": false,
      "status": "passed",
      "seconds": 137.44,
      "returnCode": 0,
      "pressed": {
        "id": null,
        "label": "Оформить самовывоз",
        "disabled": false,
        "hidden": false,
        "display": null,
        "clicked": true,
        "newRuntimeErrors": []
      },
      "errors": [],
      "buttonFailures": [],
      "stderr": ""
    },
    {
      "index": 4,
      "id": null,
      "label": "+ Создать заказ",
      "hook": "openOrderModal()",
      "dynamic": false,
      "disabled": false,
      "hidden": false,
      "status": "passed",
      "seconds": 140.607,
      "returnCode": 0,
      "pressed": {
        "id": null,
        "label": "+ Создать заказ",
        "disabled": false,
        "hidden": false,
        "display": null,
        "clicked": true,
        "newRuntimeErrors": []
      },
      "errors": [],
      "buttonFailures": [],
      "stderr": ""
    },
    {
      "index": 5,
      "id": null,
      "label": "Выйти из демонстрации",
      "hook": "requestDemonstrationMode(false)",
      "dynamic": false,
      "disabled": false,
      "hidden": false,
      "status": "passed",
      "seconds": 137.791,
      "returnCode": 0,
      "pressed": {
        "id": null,
        "label": "Выйти из демонстрации",
        "disabled": false,
        "hidden": false,
        "display": null,
        "clicked": true,
        "newRuntimeErrors": []
      },
      "errors": [],
      "buttonFailures": [],
      "stderr": ""
    },
    {
      "index": 6,
      "id": null,
      "label": "Скрыть",
      "hook": "hideAppHealth()",
      "dynamic": false,
      "disabled": false,
      "hidden": false,
      "status": "passed",
      "seconds": 123.178,
      "returnCode": 0,
      "pressed": {
        "id": null,
        "label": "Скрыть",
        "disabled": false,
        "hidden": false,
        "display": null,
        "clicked": true,
        "newRuntimeErrors": []
      },
      "errors": [],
      "buttonFailures": [],
      "stderr": ""
    },
    {
      "index": 7,
      "id": "tabOrders",
      "label": "Заказы",
      "hook": "showView('<value>')",
      "dynamic": false,
      "disabled": false,
      "hidden": false,
      "status": "passed",
      "seconds": 145.565,
      "returnCode": 0,
      "pressed": {
        "id": "tabOrders",
        "label": "Заказы",
        "disabled": false,
        "hidden": false,
        "display": null,
        "clicked": true,
        "newRuntimeErrors": []
      },
      "errors": [],
      "buttonFailures": [],
      "stderr": ""
    },
    {
      "index": 8,
      "id": null,
      "label": "×",
      "hook": "document.getElementById('<value>').value='<value>';renderOrders()",
      "dynamic": false,
      "disabled": false,
      "hidden": false,
      "status": "passed",
      "seconds": 154.177,
      "returnCode": 0,
      "pressed": {
        "id": null,
        "label": "×",
        "disabled": false,
        "hidden": false,
        "display": null,
        "clicked": true,
        "newRuntimeErrors": []
      },
      "errors": [],
      "buttonFailures": [],
      "stderr": ""
    },
    {
      "index": 9,
      "id": null,
      "label": "Импорт из заказов",
      "hook": "importProductsFromOrders()",
      "dynamic": false,
      "disabled": false,
      "hidden": false,
      "status": "passed",
      "seconds": 150.286,
      "returnCode": 0,
      "pressed": {
        "id": null,
        "label": "Импорт из заказов",
        "disabled": false,
        "hidden": false,
        "display": null,
        "clicked": true,
        "newRuntimeErrors": []
      },
      "errors": [],
      "buttonFailures": [],
      "stderr": ""
    },
    {
      "index": 10,
      "id": null,
      "label": "+ Движение товара",
      "hook": "openInventoryMovementModal()",
      "dynamic": false,
      "disabled": false,
      "hidden": false,
      "status": "passed",
      "seconds": 151.817,
      "returnCode": 0,
      "pressed": {
        "id": null,
        "label": "+ Движение товара",
        "disabled": false,
        "hidden": false,
        "display": null,
        "clicked": true,
        "newRuntimeErrors": []
      },
      "errors": [],
      "buttonFailures": [],
      "stderr": ""
    },
    {
      "index": 11,
      "id": null,
      "label": "+ Новый товар",
      "hook": "openProductModal()",
      "dynamic": false,
      "disabled": false,
      "hidden": false,
      "status": "passed",
      "seconds": 169.44,
      "returnCode": 0,
      "pressed": {
        "id": null,
        "label": "+ Новый товар",
        "disabled": false,
        "hidden": false,
        "display": null,
        "clicked": true,
        "newRuntimeErrors": []
      },
      "errors": [],
      "buttonFailures": [],
      "stderr": ""
    },
    {
      "index": 12,
      "id": null,
      "label": "Карточки",
      "hook": "setProductViewModeV610('<value>')",
      "dynamic": true,
      "disabled": false,
      "hidden": false,
      "status": "passed",
      "seconds": 165.176,
      "returnCode": 0,
      "pressed": {
        "id": null,
        "label": "Карточки",
        "disabled": false,
        "hidden": false,
        "display": null,
        "clicked": true,
        "newRuntimeErrors": []
      },
      "errors": [],
      "buttonFailures": [],
      "stderr": ""
    },
    {
      "index": 13,
      "id": null,
      "label": "Все товары",
      "hook": "setProductStockFilter('<value>')",
      "dynamic": true,
      "disabled": false,
      "hidden": false,
      "status": "passed",
      "seconds": 162.802,
      "returnCode": 0,
      "pressed": {
        "id": null,
        "label": "Все товары",
        "disabled": false,
        "hidden": false,
        "display": null,
        "clicked": true,
        "newRuntimeErrors": []
      },
      "errors": [],
      "buttonFailures": [],
      "stderr": ""
    },
    {
      "index": 14,
      "id": null,
      "label": "Открыть",
      "hook": "openProductDetails('<value>')",
      "dynamic": true,
      "disabled": false,
      "hidden": false,
      "status": "passed",
      "seconds": 158.299,
      "returnCode": 0,
      "pressed": {
        "id": null,
        "label": "Открыть",
        "disabled": false,
        "hidden": false,
        "display": null,
        "clicked": true,
        "newRuntimeErrors": []
      },
      "errors": [],
      "buttonFailures": [],
      "stderr": ""
    },
    {
      "index": 15,
      "id": null,
      "label": "Редактировать товар",
      "hook": "openProductModal('<value>')",
      "dynamic": true,
      "disabled": false,
      "hidden": false,
      "status": "passed",
      "seconds": 163.806,
      "returnCode": 0,
      "pressed": {
        "id": null,
        "label": "Редактировать товар",
        "disabled": false,
        "hidden": false,
        "display": null,
        "clicked": true,
        "newRuntimeErrors": []
      },
      "errors": [],
      "buttonFailures": [],
      "stderr": ""
    },
    {
      "index": 16,
      "id": null,
      "label": "←",
      "hook": "setProductPageV610(<number>)",
      "dynamic": true,
      "disabled": true,
      "hidden": false,
      "status": "skipped",
      "seconds": 175.893,
      "returnCode": 0,
      "pressed": {
        "id": null,
        "label": "←",
        "disabled": true,
        "hidden": false,
        "display": null,
        "clicked": false,
        "skipped": true,
        "newRuntimeErrors": []
      },
      "errors": [],
      "buttonFailures": [],
      "stderr": ""
    },
    {
      "index": 17,
      "id": null,
      "label": "×",
      "hook": "document.getElementById('<value>').value='<value>';renderTripsPreview()",
      "dynamic": false,
      "disabled": false,
      "hidden": false,
      "status": "passed",
      "seconds": 178.264,
      "returnCode": 0,
      "pressed": {
        "id": null,
        "label": "×",
        "disabled": false,
        "hidden": false,
        "display": null,
        "clicked": true,
        "newRuntimeErrors": []
      },
      "errors": [],
      "buttonFailures": [],
      "stderr": ""
    },
    {
      "index": 18,
      "id": null,
      "label": "+ Новый рейс",
      "hook": "createManualRoute()",
      "dynamic": false,
      "disabled": false,
      "hidden": false,
      "status": "timeout",
      "seconds": 181.257,
      "error": "Не завершилась за 180 секунд"
    },
    {
      "index": 19,
      "id": null,
      "label": "Проверить систему",
      "hook": "runRouteSystemAuditV570(true)",
      "dynamic": true,
      "disabled": false,
      "hidden": false,
      "status": "timeout",
      "seconds": 180.603,
      "error": "Не завершилась за 180 секунд"
    },
    {
      "index": 20,
      "id": null,
      "label": "←",
      "hook": "setRoutePageV593(<number>)",
      "dynamic": true,
      "disabled": true,
      "hidden": false,
      "status": "skipped",
      "seconds": 170.628,
      "returnCode": 0,
      "pressed": {
        "id": null,
        "label": "←",
        "disabled": true,
        "hidden": false,
        "display": null,
        "clicked": false,
        "skipped": true,
        "newRuntimeErrors": []
      },
      "errors": [],
      "buttonFailures": [],
      "stderr": ""
    },
    {
      "index": 21,
      "id": null,
      "label": "+ Добавить водителя / агрегатор",
      "hook": "openDriverModal()",
      "dynamic": false,
      "disabled": false,
      "hidden": false,
      "status": "passed",
      "seconds": 179.427,
      "returnCode": 0,
      "pressed": {
        "id": null,
        "label": "+ Добавить водителя / агрегатор",
        "disabled": false,
        "hidden": false,
        "display": null,
        "clicked": true,
        "newRuntimeErrors": []
      },
      "errors": [],
      "buttonFailures": [],
      "stderr": ""
    },
    {
      "index": 22,
      "id": null,
      "label": "Выгрузить полный отчёт",
      "hook": "exportReportCSV()",
      "dynamic": false,
      "disabled": false,
      "hidden": false,
      "status": "passed",
      "seconds": 167.943,
      "returnCode": 0,
      "pressed": {
        "id": null,
        "label": "Выгрузить полный отчёт",
        "disabled": false,
        "hidden": false,
        "display": null,
        "clicked": true,
        "newRuntimeErrors": []
      },
      "errors": [],
      "buttonFailures": [],
      "stderr": ""
    },
    {
      "index": 23,
      "id": null,
      "label": "Печатная сводка",
      "hook": "printReport()",
      "dynamic": false,
      "disabled": false,
      "hidden": false,
      "status": "passed",
      "seconds": 164.685,
      "returnCode": 0,
      "pressed": {
        "id": null,
        "label": "Печатная сводка",
        "disabled": false,
        "hidden": false,
        "display": null,
        "clicked": true,
        "newRuntimeErrors": []
      },
      "errors": [],
      "buttonFailures": [],
      "stderr": ""
    },
    {
      "index": 24,
      "id": "reportSettingsToggle",
      "label": "Методика расчёта",
      "hook": "toggleReportSettings()",
      "dynamic": false,
      "disabled": false,
      "hidden": false,
      "status": "passed",
      "seconds": 159.639,
      "returnCode": 0,
      "pressed": {
        "id": "reportSettingsToggle",
        "label": "Методика расчёта",
        "disabled": false,
        "hidden": false,
        "display": null,
        "clicked": true,
        "newRuntimeErrors": []
      },
      "errors": [],
      "buttonFailures": [],
      "stderr": ""
    },
    {
      "index": 25,
      "id": null,
      "label": "Сегодня",
      "hook": "setReportPreset('<value>')",
      "dynamic": false,
      "disabled": false,
      "hidden": false,
      "status": "passed",
      "seconds": 161.794,
      "returnCode": 0,
      "pressed": {
        "id": null,
        "label": "Сегодня",
        "disabled": false,
        "hidden": false,
        "display": null,
        "clicked": true,
        "newRuntimeErrors": []
      },
      "errors": [],
      "buttonFailures": [],
      "stderr": ""
    },
    {
      "index": 26,
      "id": null,
      "label": "Итог",
      "hook": "scrollReportTo('<value>')",
      "dynamic": false,
      "disabled": false,
      "hidden": false,
      "status": "passed",
      "seconds": 151.524,
      "returnCode": 0,
      "pressed": {
        "id": null,
        "label": "Итог",
        "disabled": false,
        "hidden": false,
        "display": null,
        "clicked": true,
        "newRuntimeErrors": []
      },
      "errors": [],
      "buttonFailures": [],
      "stderr": ""
    },
    {
      "index": 27,
      "id": null,
      "label": "Закрыть",
      "hook": "toggleReportSettings(false)",
      "dynamic": false,
      "disabled": false,
      "hidden": false,
      "status": "passed",
      "seconds": 155.672,
      "returnCode": 0,
      "pressed": {
        "id": null,
        "label": "Закрыть",
        "disabled": false,
        "hidden": false,
        "display": null,
        "clicked": true,
        "newRuntimeErrors": []
      },
      "errors": [],
      "buttonFailures": [],
      "stderr": ""
    },
    {
      "index": 28,
      "id": null,
      "label": "Сохранить методику",
      "hook": "saveReportCalculationSettings()",
      "dynamic": false,
      "disabled": false,
      "hidden": false,
      "status": "passed",
      "seconds": 157.537,
      "returnCode": 0,
      "pressed": {
        "id": null,
        "label": "Сохранить методику",
        "disabled": false,
        "hidden": false,
        "display": null,
        "clicked": true,
        "newRuntimeErrors": []
      },
      "errors": [],
      "buttonFailures": [],
      "stderr": ""
    },
    {
      "index": 29,
      "id": null,
      "label": "Найти склад на карте",
      "hook": "searchWarehouse()",
      "dynamic": false,
      "disabled": false,
      "hidden": false,
      "status": "passed",
      "seconds": 153.824,
      "returnCode": 0,
      "pressed": {
        "id": null,
        "label": "Найти склад на карте",
        "disabled": false,
        "hidden": false,
        "display": null,
        "clicked": true,
        "newRuntimeErrors": []
      },
      "errors": [],
      "buttonFailures": [],
      "stderr": ""
    },
    {
      "index": 30,
      "id": null,
      "label": "Моя геопозиция",
      "hook": "useCurrentLocationForWarehouse()",
      "dynamic": false,
      "disabled": false,
      "hidden": false,
      "status": "passed",
      "seconds": 158.382,
      "returnCode": 0,
      "pressed": {
        "id": null,
        "label": "Моя геопозиция",
        "disabled": false,
        "hidden": false,
        "display": null,
        "clicked": true,
        "newRuntimeErrors": []
      },
      "errors": [],
      "buttonFailures": [],
      "stderr": ""
    },
    {
      "index": 31,
      "id": null,
      "label": "Сохранить настройки маршрута",
      "hook": "saveSettingsFromForm()",
      "dynamic": false,
      "disabled": false,
      "hidden": false,
      "status": "passed",
      "seconds": 156.661,
      "returnCode": 0,
      "pressed": {
        "id": null,
        "label": "Сохранить настройки маршрута",
        "disabled": false,
        "hidden": false,
        "display": null,
        "clicked": true,
        "newRuntimeErrors": []
      },
      "errors": [],
      "buttonFailures": [],
      "stderr": ""
    },
    {
      "index": 32,
      "id": null,
      "label": "ГородБыстрее, короткие рейсы",
      "hook": "applySmartRoutePreset('<value>')",
      "dynamic": true,
      "disabled": false,
      "hidden": false,
      "status": "passed",
      "seconds": 156.906,
      "returnCode": 0,
      "pressed": {
        "id": null,
        "label": "ГородБыстрее, короткие рейсы",
        "disabled": false,
        "hidden": false,
        "display": null,
        "clicked": true,
        "newRuntimeErrors": []
      },
      "errors": [],
      "buttonFailures": [],
      "stderr": ""
    },
    {
      "index": 33,
      "id": null,
      "label": "Сохранить и применить",
      "hook": "saveSmartRouteSettings()",
      "dynamic": true,
      "disabled": false,
      "hidden": false,
      "status": "passed",
      "seconds": 160.963,
      "returnCode": 0,
      "pressed": {
        "id": null,
        "label": "Сохранить и применить",
        "disabled": false,
        "hidden": false,
        "display": null,
        "clicked": true,
        "newRuntimeErrors": []
      },
      "errors": [],
      "buttonFailures": [],
      "stderr": ""
    },
    {
      "index": 34,
      "id": null,
      "label": "Сохранить расчёт водителя",
      "hook": "saveDriverPaymentSettings()",
      "dynamic": false,
      "disabled": false,
      "hidden": false,
      "status": "passed",
      "seconds": 161.071,
      "returnCode": 0,
      "pressed": {
        "id": null,
        "label": "Сохранить расчёт водителя",
        "disabled": false,
        "hidden": false,
        "display": null,
        "clicked": true,
        "newRuntimeErrors": []
      },
      "errors": [],
      "buttonFailures": [],
      "stderr": ""
    },
    {
      "index": 35,
      "id": null,
      "label": "Сохранить правила цены",
      "hook": "saveDeliveryPricingSettings()",
      "dynamic": false,
      "disabled": false,
      "hidden": false,
      "status": "passed",
      "seconds": 159.557,
      "returnCode": 0,
      "pressed": {
        "id": null,
        "label": "Сохранить правила цены",
        "disabled": false,
        "hidden": false,
        "display": null,
        "clicked": true,
        "newRuntimeErrors": []
      },
      "errors": [],
      "buttonFailures": [],
      "stderr": ""
    },
    {
      "index": 36,
      "id": "jfAddUser",
      "label": "+ Создать приглашение",
      "hook": "jfAddUser",
      "dynamic": true,
      "disabled": false,
      "hidden": false,
      "status": "passed",
      "seconds": 167.485,
      "returnCode": 0,
      "pressed": {
        "id": "jfAddUser",
        "label": "+ Создать приглашение",
        "disabled": false,
        "hidden": false,
        "display": null,
        "clicked": true,
        "newRuntimeErrors": []
      },
      "errors": [],
      "buttonFailures": [],
      "stderr": ""
    },
    {
      "index": 37,
      "id": null,
      "label": "+ Добавить склад",
      "hook": "openWarehouseCreatorV600()",
      "dynamic": true,
      "disabled": false,
      "hidden": false,
      "status": "passed",
      "seconds": 156.699,
      "returnCode": 0,
      "pressed": {
        "id": null,
        "label": "+ Добавить склад",
        "disabled": false,
        "hidden": false,
        "display": null,
        "clicked": true,
        "newRuntimeErrors": []
      },
      "errors": [],
      "buttonFailures": [],
      "stderr": ""
    },
    {
      "index": 38,
      "id": null,
      "label": "Изменить",
      "hook": "openWarehouseEditorV600()",
      "dynamic": true,
      "disabled": false,
      "hidden": false,
      "status": "passed",
      "seconds": 171.543,
      "returnCode": 0,
      "pressed": {
        "id": null,
        "label": "Изменить",
        "disabled": false,
        "hidden": false,
        "display": null,
        "clicked": true,
        "newRuntimeErrors": []
      },
      "errors": [],
      "buttonFailures": [],
      "stderr": ""
    },
    {
      "index": 39,
      "id": null,
      "label": "Сохранить оформление",
      "hook": "saveCompanySettingsV600()",
      "dynamic": true,
      "disabled": false,
      "hidden": false,
      "status": "passed",
      "seconds": 168.035,
      "returnCode": 0,
      "pressed": {
        "id": null,
        "label": "Сохранить оформление",
        "disabled": false,
        "hidden": false,
        "display": null,
        "clicked": true,
        "newRuntimeErrors": []
      },
      "errors": [],
      "buttonFailures": [],
      "stderr": ""
    },
    {
      "index": 40,
      "id": null,
      "label": "Загрузить",
      "hook": "chooseCompanyLogoV600()",
      "dynamic": true,
      "disabled": false,
      "hidden": false,
      "status": "passed",
      "seconds": 174.667,
      "returnCode": 0,
      "pressed": {
        "id": null,
        "label": "Загрузить",
        "disabled": false,
        "hidden": false,
        "display": null,
        "clicked": true,
        "newRuntimeErrors": []
      },
      "errors": [],
      "buttonFailures": [],
      "stderr": ""
    },
    {
      "index": 41,
      "id": null,
      "label": "Сохранить поведение",
      "hook": "saveSmartProgramSettings()",
      "dynamic": true,
      "disabled": false,
      "hidden": false,
      "status": "timeout",
      "seconds": 181.049,
      "error": "Не завершилась за 180 секунд"
    },
    {
      "index": 42,
      "id": "demoTourStart",
      "label": "Начать полную экскурсию",
      "hook": "demoTourStart",
      "dynamic": false,
      "disabled": false,
      "hidden": false,
      "status": "timeout",
      "seconds": 183.108,
      "error": "Не завершилась за 180 секунд"
    },
    {
      "index": 43,
      "id": "demoTourContinue",
      "label": "Продолжить с текущего шага",
      "hook": "demoTourContinue",
      "dynamic": false,
      "disabled": false,
      "hidden": false,
      "status": "passed",
      "seconds": 178.684,
      "returnCode": 0,
      "pressed": {
        "id": "demoTourContinue",
        "label": "Продолжить с текущего шага",
        "disabled": false,
        "hidden": false,
        "display": null,
        "clicked": true,
        "newRuntimeErrors": []
      },
      "errors": [],
      "buttonFailures": [],
      "stderr": ""
    },
    {
      "index": 44,
      "id": "demoRunAudit",
      "label": "Проверить учебную базу",
      "hook": "demoRunAudit",
      "dynamic": false,
      "disabled": false,
      "hidden": false,
      "status": "timeout",
      "seconds": 182.194,
      "error": "Не завершилась за 180 секунд"
    },
    {
      "index": 45,
      "id": null,
      "label": "Скачать копию",
      "hook": "exportBackup()",
      "dynamic": false,
      "disabled": false,
      "hidden": false,
      "status": "timeout",
      "seconds": 181.864,
      "error": "Не завершилась за 180 секунд"
    },
    {
      "index": 46,
      "id": null,
      "label": "Загрузить копию",
      "hook": "chooseBackupFile()",
      "dynamic": false,
      "disabled": false,
      "hidden": false,
      "status": "timeout",
      "seconds": 180.934,
      "error": "Не завершилась за 180 секунд"
    },
    {
      "index": 47,
      "id": null,
      "label": "Проверить систему",
      "hook": "runDataDiagnostics(true)",
      "dynamic": false,
      "disabled": false,
      "hidden": false,
      "status": "timeout",
      "seconds": 180.467,
      "error": "Не завершилась за 180 секунд"
    },
    {
      "index": 48,
      "id": "jfOpenLogs",
      "label": "Открыть папку logs",
      "hook": "jfOpenLogs",
      "dynamic": false,
      "disabled": false,
      "hidden": false,
      "status": "timeout",
      "seconds": 181.24,
      "error": "Не завершилась за 180 секунд"
    },
    {
      "index": 49,
      "id": "v595QaFirstRun",
      "label": "Запустить полный тест",
      "hook": "v595QaFirstRun",
      "dynamic": true,
      "disabled": false,
      "hidden": false,
      "status": "timeout",
      "seconds": 180.921,
      "error": "Не завершилась за 180 секунд"
    },
    {
      "index": 50,
      "id": "jfRegConfigure",
      "label": "Установить или обновить VPS",
      "hook": "jfRegConfigure",
      "dynamic": false,
      "disabled": false,
      "hidden": false,
      "status": "timeout",
      "seconds": 180.803,
      "error": "Не завершилась за 180 секунд"
    },
    {
      "index": 51,
      "id": "jfRegCheck",
      "label": "Проверить связь",
      "hook": "jfRegCheck",
      "dynamic": false,
      "disabled": false,
      "hidden": false,
      "status": "timeout",
      "seconds": 180.479,
      "error": "Не завершилась за 180 секунд"
    },
    {
      "index": 52,
      "id": "jfRegSync",
      "label": "Сохранить активный склад",
      "hook": "jfRegSync",
      "dynamic": false,
      "disabled": false,
      "hidden": false,
      "status": "timeout",
      "seconds": 180.479,
      "error": "Не завершилась за 180 секунд"
    },
    {
      "index": 53,
      "id": "jfTelegramConfigure",
      "label": "Настроить Telegram",
      "hook": "jfTelegramConfigure",
      "dynamic": false,
      "disabled": false,
      "hidden": false,
      "status": "timeout",
      "seconds": 180.419,
      "error": "Не завершилась за 180 секунд"
    },
    {
      "index": 54,
      "id": "jfTelegramReconnect",
      "label": "Проверить и восстановить",
      "hook": "jfTelegramReconnect",
      "dynamic": false,
      "disabled": false,
      "hidden": false,
      "status": "timeout",
      "seconds": 180.61,
      "error": "Не завершилась за 180 секунд"
    },
    {
      "index": 55,
      "id": "jfTelegramCheck",
      "label": "Проверить webhook",
      "hook": "jfTelegramCheck",
      "dynamic": false,
      "disabled": false,
      "hidden": false,
      "status": "timeout",
      "seconds": 180.684,
      "error": "Не завершилась за 180 секунд"
    },
    {
      "index": 56,
      "id": "jfTelegramWarehouse",
      "label": "Подключить группу склада",
      "hook": "jfTelegramWarehouse",
      "dynamic": false,
      "disabled": false,
      "hidden": false,
      "status": "passed",
      "seconds": 153.921,
      "returnCode": 0,
      "pressed": {
        "id": "jfTelegramWarehouse",
        "label": "Подключить группу склада",
        "disabled": false,
        "hidden": false,
        "display": null,
        "clicked": true,
        "newRuntimeErrors": []
      },
      "errors": [],
      "buttonFailures": [],
      "stderr": ""
    },
    {
      "index": 57,
      "id": null,
      "label": "Сохранить сервисы",
      "hook": "saveServiceSettings()",
      "dynamic": false,
      "disabled": false,
      "hidden": false,
      "status": "passed",
      "seconds": 155.826,
      "returnCode": 0,
      "pressed": {
        "id": null,
        "label": "Сохранить сервисы",
        "disabled": false,
        "hidden": false,
        "display": null,
        "clicked": true,
        "newRuntimeErrors": []
      },
      "errors": [],
      "buttonFailures": [],
      "stderr": ""
    },
    {
      "index": 58,
      "id": null,
      "label": "Вернуть стандартные",
      "hook": "resetServiceSettings()",
      "dynamic": false,
      "disabled": false,
      "hidden": false,
      "status": "passed",
      "seconds": 157.857,
      "returnCode": 0,
      "pressed": {
        "id": null,
        "label": "Вернуть стандартные",
        "disabled": false,
        "hidden": false,
        "display": null,
        "clicked": true,
        "newRuntimeErrors": []
      },
      "errors": [],
      "buttonFailures": [],
      "stderr": ""
    },
    {
      "index": 59,
      "id": null,
      "label": "Закрыть",
      "hook": "closeOrderModal()",
      "dynamic": false,
      "disabled": false,
      "hidden": false,
      "status": "passed",
      "seconds": 150.267,
      "returnCode": 0,
      "pressed": {
        "id": null,
        "label": "Закрыть",
        "disabled": false,
        "hidden": false,
        "display": null,
        "clicked": true,
        "newRuntimeErrors": []
      },
      "errors": [],
      "buttonFailures": [],
      "stderr": ""
    },
    {
      "index": 60,
      "id": "addressSearchBtn",
      "label": "Найти адрес и район",
      "hook": "searchDeliveryAddress()",
      "dynamic": false,
      "disabled": false,
      "hidden": false,
      "status": "passed",
      "seconds": 146.329,
      "returnCode": 0,
      "pressed": {
        "id": "addressSearchBtn",
        "label": "Найти адрес и район",
        "disabled": false,
        "hidden": false,
        "display": null,
        "clicked": true,
        "newRuntimeErrors": []
      },
      "errors": [],
      "buttonFailures": [],
      "stderr": ""
    },
    {
      "index": 61,
      "id": "manualDeliveryToggle",
      "label": "",
      "hook": "toggleManualDeliveryMode()",
      "dynamic": false,
      "disabled": false,
      "hidden": false,
      "status": "passed",
      "seconds": 175.909,
      "returnCode": 0,
      "pressed": {
        "id": "manualDeliveryToggle",
        "label": "",
        "disabled": false,
        "hidden": false,
        "display": null,
        "clicked": true,
        "newRuntimeErrors": []
      },
      "errors": [],
      "buttonFailures": [],
      "stderr": ""
    },
    {
      "index": 62,
      "id": null,
      "label": "↻ Вернуть автоматический расчёт",
      "hook": "restoreAutomaticDelivery()",
      "dynamic": false,
      "disabled": false,
      "hidden": false,
      "status": "passed",
      "seconds": 160.552,
      "returnCode": 0,
      "pressed": {
        "id": null,
        "label": "↻ Вернуть автоматический расчёт",
        "disabled": false,
        "hidden": false,
        "display": null,
        "clicked": true,
        "newRuntimeErrors": []
      },
      "errors": [],
      "buttonFailures": [],
      "stderr": ""
    },
    {
      "index": 63,
      "id": null,
      "label": "+ Добавить товар",
      "hook": "addItem()",
      "dynamic": false,
      "disabled": false,
      "hidden": false,
      "status": "passed",
      "seconds": 169.011,
      "returnCode": 0,
      "pressed": {
        "id": null,
        "label": "+ Добавить товар",
        "disabled": false,
        "hidden": false,
        "display": null,
        "clicked": true,
        "newRuntimeErrors": []
      },
      "errors": [],
      "buttonFailures": [],
      "stderr": ""
    },
    {
      "index": 74,
      "id": "editOrderBtn",
      "label": "Редактировать",
      "hook": "editCurrentOrder()",
      "dynamic": false,
      "disabled": false,
      "hidden": false,
      "status": "passed",
      "seconds": 132.753,
      "returnCode": 0,
      "pressed": {
        "id": "editOrderBtn",
        "label": "Редактировать",
        "disabled": false,
        "hidden": false,
        "display": null,
        "clicked": true,
        "newRuntimeErrors": []
      },
      "errors": [],
      "buttonFailures": [],
      "stderr": ""
    },
    {
      "index": 75,
      "id": null,
      "label": "Закрыть",
      "hook": "closeDriverDetailModal()",
      "dynamic": false,
      "disabled": false,
      "hidden": false,
      "status": "passed",
      "seconds": 130.154,
      "returnCode": 0,
      "pressed": {
        "id": null,
        "label": "Закрыть",
        "disabled": false,
        "hidden": false,
        "display": null,
        "clicked": true,
        "newRuntimeErrors": []
      },
      "errors": [],
      "buttonFailures": [],
      "stderr": ""
    },
    {
      "index": 79,
      "id": "editProductBtn",
      "label": "Редактировать",
      "hook": "editCurrentProduct()",
      "dynamic": false,
      "disabled": false,
      "hidden": false,
      "status": "passed",
      "seconds": 121.71,
      "returnCode": 0,
      "pressed": {
        "id": "editProductBtn",
        "label": "Редактировать",
        "disabled": false,
        "hidden": false,
        "display": null,
        "clicked": true,
        "newRuntimeErrors": []
      },
      "errors": [],
      "buttonFailures": [],
      "stderr": ""
    },
    {
      "index": 88,
      "id": "applyRoutePricingBtn",
      "label": "Применить к заказам",
      "hook": "applyRoutePricingProposal()",
      "dynamic": false,
      "disabled": false,
      "hidden": false,
      "status": "passed",
      "seconds": 127.172,
      "returnCode": 0,
      "pressed": {
        "id": "applyRoutePricingBtn",
        "label": "Применить к заказам",
        "disabled": false,
        "hidden": false,
        "display": null,
        "clicked": true,
        "newRuntimeErrors": []
      },
      "errors": [],
      "buttonFailures": [],
      "stderr": ""
    },
    {
      "index": 89,
      "id": null,
      "label": "Вернуть отдельные цены",
      "hook": "restoreRouteStandalonePricing()",
      "dynamic": false,
      "disabled": false,
      "hidden": false,
      "status": "passed",
      "seconds": 122.91,
      "returnCode": 0,
      "pressed": {
        "id": null,
        "label": "Вернуть отдельные цены",
        "disabled": false,
        "hidden": false,
        "display": null,
        "clicked": true,
        "newRuntimeErrors": []
      },
      "errors": [],
      "buttonFailures": [],
      "stderr": ""
    },
    {
      "index": 90,
      "id": null,
      "label": "Сохранить параметры рейса",
      "hook": "saveRouteEditSettings()",
      "dynamic": false,
      "disabled": false,
      "hidden": false,
      "status": "passed",
      "seconds": 103.366,
      "returnCode": 0,
      "pressed": {
        "id": null,
        "label": "Сохранить параметры рейса",
        "disabled": false,
        "hidden": false,
        "display": null,
        "clicked": true,
        "newRuntimeErrors": []
      },
      "errors": [],
      "buttonFailures": [],
      "stderr": ""
    },
    {
      "index": 91,
      "id": null,
      "label": "Закрыть",
      "hook": "closeRouteCloseModal()",
      "dynamic": false,
      "disabled": false,
      "hidden": false,
      "status": "passed",
      "seconds": 99.687,
      "returnCode": 0,
      "pressed": {
        "id": null,
        "label": "Закрыть",
        "disabled": false,
        "hidden": false,
        "display": null,
        "clicked": true,
        "newRuntimeErrors": []
      },
      "errors": [],
      "buttonFailures": [],
      "stderr": ""
    },
    {
      "index": 92,
      "id": null,
      "label": "Закрыть",
      "hook": "closeNotRelevantModal()",
      "dynamic": false,
      "disabled": false,
      "hidden": false,
      "status": "passed",
      "seconds": 91.251,
      "returnCode": 0,
      "pressed": {
        "id": null,
        "label": "Закрыть",
        "disabled": false,
        "hidden": false,
        "display": null,
        "clicked": true,
        "newRuntimeErrors": []
      },
      "errors": [],
      "buttonFailures": [],
      "stderr": ""
    },
    {
      "index": 93,
      "id": null,
      "label": "Подтвердить и обработать заказ",
      "hook": "confirmNotRelevant()",
      "dynamic": false,
      "disabled": false,
      "hidden": false,
      "status": "passed",
      "seconds": 32.481,
      "returnCode": 0,
      "pressed": {
        "id": null,
        "label": "Подтвердить и обработать заказ",
        "disabled": false,
        "hidden": false,
        "display": null,
        "clicked": true,
        "newRuntimeErrors": []
      },
      "errors": [],
      "buttonFailures": [],
      "stderr": ""
    },
    {
      "index": 94,
      "id": null,
      "label": "Закрыть",
      "hook": "closeWarehouseEditorV600()",
      "dynamic": true,
      "disabled": false,
      "hidden": false,
      "status": "passed",
      "seconds": 26.693,
      "returnCode": 0,
      "pressed": {
        "id": null,
        "label": "Закрыть",
        "disabled": false,
        "hidden": false,
        "display": null,
        "clicked": true,
        "newRuntimeErrors": []
      },
      "errors": [],
      "buttonFailures": [],
      "stderr": ""
    },
    {
      "index": 95,
      "id": "warehouseSearchButtonV600",
      "label": "Найти",
      "hook": "searchWarehouseAddressV600()",
      "dynamic": true,
      "disabled": false,
      "hidden": false,
      "status": "passed",
      "seconds": 24.028,
      "returnCode": 0,
      "pressed": {
        "id": "warehouseSearchButtonV600",
        "label": "Найти",
        "disabled": false,
        "hidden": false,
        "display": null,
        "clicked": true,
        "newRuntimeErrors": []
      },
      "errors": [],
      "buttonFailures": [],
      "stderr": ""
    }
  ]
}
